// Jest Snapshot v1, https://goo.gl/fbAQLP

exports[`Link should render correctly 1`] = `
.c0 {
  -webkit-text-decoration: none;
  text-decoration: none;
}

<a
  className="c0"
>
  meu produto
</a>
`;
