// Jest Snapshot v1, https://goo.gl/fbAQLP

exports[`MenuList => Ui Menu 1`] = `
.c0 {
  list-style-type: none;
}

<nav
  className="c0"
/>
`;

exports[`MenuList => Ui MenuIcon 1`] = `
.c0 {
  margin-right: 1px;
}

<FontAwesomeIcon
  border={false}
  className="c0"
  fixedWidth={false}
  flip={null}
  icon={null}
  inverse={false}
  listItem={false}
  mask={null}
  pull={null}
  pulse={false}
  rotation={null}
  size={null}
  spin={false}
  symbol={false}
  title=""
  transform={null}
/>
`;

exports[`MenuList => Ui MenuItem 1`] = `
.c0 {
  padding: 15px 10px;
  display: -webkit-box;
  display: -webkit-flex;
  display: -ms-flexbox;
  display: flex;
  -webkit-align-items: center;
  -webkit-box-align: center;
  -ms-flex-align: center;
  align-items: center;
  -webkit-transition: all 0.2s linear;
  transition: all 0.2s linear;
}

.c0:hover {
  cursor: pointer;
}

<div
  className="c0"
/>
`;

exports[`MenuList => Ui MenuItemText 1`] = `
.c0 {
  margin-left: 10px;
  -webkit-flex: 2;
  -ms-flex: 2;
  flex: 2;
  white-space: nowrap;
  overflow: hidden;
  text-overflow: ellipsis;
}

<styled.h3
  className="c0"
/>
`;
